11:05:52 **** Incremental Build of configuration Debug for project image_from_flash ****
make -j8 all 
arm-none-eabi-size  image_from_flash.elf 
   text	   data	    bss	    dec	    hex	filename
  46008	     32	   1592	  47632	   ba10	image_from_flash.elf
Finished building: default.size.stdout
 
11:07:03 **** Incremental Build of configuration Debug for project image_from_flash ****
make -j8 all 
arm-none-eabi-size  image_from_flash.elf 
   text	   data	    bss	    dec	    hex	filename
  46008	     32	   1592	  47632	   ba10	image_from_flash.elf
Finished building: default.size.stdout
 
